../Inc/system_stm32f4xx.h:128:20:DelayMs	24	static
../Src/left_to_righ2t.c:39:5:main	8	static
../Src/left_to_righ2t.c:63:6:led_init	4	static
../Src/left_to_righ2t.c:79:6:led_on1	4	static
../Src/left_to_righ2t.c:83:6:led_on2	4	static
../Src/left_to_righ2t.c:87:6:led_on3	4	static
../Src/left_to_righ2t.c:91:6:led_on4	4	static
../Src/left_to_righ2t.c:95:6:led_off1	4	static
../Src/left_to_righ2t.c:99:6:led_off2	4	static
../Src/left_to_righ2t.c:103:6:led_off3	4	static
../Src/left_to_righ2t.c:107:6:led_off4	4	static
